2026-10-08 23:09:14,624 INFO 近 15 個月 136 則；待 AI 整理 84 則
2026-10-08 23:09:47,910 INFO [4171] apply｜中醫總額專款計畫承作資格申請改至VPN系統 
2026-10-08 23:09:53,280 INFO [4187] policy｜衛福部病人安全管理表揚計畫 
2026-10-08 23:09:53,283 INFO [4182] course｜提升教師教學技能培育課程開放上課 
2026-10-08 23:09:53,540 INFO [4180] nhi｜中醫門診總額115年第3次研商會議紀錄 
2026-10-08 23:11:46,498 INFO [2535] course｜中藥用藥安全講習會各區報名資訊 
2026-10-08 23:11:46,502 INFO [4157] course｜115年度各項專案課程通知 
2026-10-08 23:11:46,503 INFO [4179] course｜中醫指導教師認證與展延培訓課程 
2026-10-08 23:11:46,505 INFO [4177] affairs｜115年中醫藥優良學術著作獎甄選統計表下載 
2026-10-08 23:11:46,506 INFO [4175] course｜針灸感控用藥安全課程上課時間查詢 
2026-10-08 23:11:46,508 INFO [4172] course｜各項專案計畫上課日期查詢 
2026-10-08 23:11:46,510 INFO [4143] nhi｜中醫癌症加強照護整合方案新版生效 
2026-10-08 23:12:23,117 INFO [4168] course｜教師教學技能展延培育課程開放報名 
2026-10-08 23:12:23,120 INFO [4166] course｜9月13日居家醫療照護整合課程（高屏分會） 
2026-10-08 23:13:03,456 INFO [4159] course｜南区特定门诊与住院会诊影音课程（9月20日） 
2026-10-08 23:13:03,460 INFO [4158] nhi｜中醫三高方案中、西醫院所合作作業說明 
2026-10-08 23:13:03,463 INFO [4154] course,affairs｜台北區針灸感控暨中藥安全課程 
2026-10-08 23:13:18,816 INFO [4153] course｜居家醫療課程實體上課（10/18） 
2026-10-08 23:13:27,751 INFO [4150] affairs,apply｜第四屆華陀奉獻獎推薦截止12月3日 
2026-10-08 23:13:29,656 INFO [4144] nhi,apply｜5項中醫專款計畫生效，8月起改線上申請 
2026-10-08 23:14:01,667 INFO [4005] nhi｜健保中醫孕產等5項新計畫8月生效 
2026-10-08 23:14:27,708 INFO [4004] nhi｜中醫5項專款計畫修訂，8月起改用VPN申請 
2026-10-08 23:14:27,711 INFO [4142] nhi,apply｜西醫住院中醫輔助等5項健保計畫修訂公告 
2026-10-08 23:14:27,713 INFO [4138] law｜衛福部發布針具服務及替代治療實施辦法 
2026-10-08 23:14:56,858 INFO [4135] nhi｜健保中醫門診總額品質確保方案修正 
2026-10-08 23:14:56,861 INFO [4132] nhi｜居家失能家庭醫師照護方案納入中醫師 
2026-10-08 23:14:56,863 INFO [4128] law（隱藏）｜勞動部修正外國人家庭看護工評估醫療機構公告 
2026-10-08 23:14:56,864 INFO [4119] nhi｜生活型態評估量表Web工具 
2026-10-08 23:15:02,696 INFO [4115] policy（隱藏）｜臺北市立大學分級醫療公民論壇宣傳 
2026-10-08 23:15:10,394 INFO [4114] law｜衛福部註銷愛康風濕膏等3件藥品許可證 
2026-10-08 23:15:16,658 INFO [4113] law（隱藏）｜外籍人才眷屬長期照顧服務申請給付辦法 
2026-10-08 23:15:34,607 INFO [4110] nhi｜中醫三高計畫XML批次上傳格式說明 
2026-10-08 23:15:40,478 INFO [4109] course｜中醫家庭暨社區醫學科教學實務訓練課程（6/28林口長庚） 
2026-10-08 23:16:12,850 INFO [4056] course｜臨床指導教師培訓課程彙整表公布 
2026-10-08 23:16:12,854 INFO [4106] （隱藏）｜全國建築師公會民歌公益演唱會 
2026-10-08 23:16:12,857 INFO [4105] law｜醫療事故預防及爭議處理法公告 
2026-10-08 23:16:12,858 INFO [4104] law,policy｜衛福部預防熱傷害衛教宣導素材 
2026-10-08 23:16:12,860 INFO [4101] apply,policy｜三高專案合作意向書與會員權利義務說明書範本 
2026-10-08 23:16:12,861 INFO [4092] nhi｜115年度各部門總額一般服務點值保障項目 
2026-10-08 23:17:42,030 INFO [4020] course,nhi｜健保三高試辦計畫中醫師繼續教育課程 
2026-10-08 23:17:42,035 INFO [4096] law｜衛福部醫療機構應用生成式AI指引 
2026-10-08 23:17:42,036 INFO [4090] nhi｜中醫三高加強照護方案公告 
2026-10-08 23:17:42,037 INFO [4084] course｜第十五屆全人醫療暨整合服務研討會暨國際論壇投稿邀請 
2026-10-08 23:17:42,039 INFO [4083] （隱藏）｜建築師公會建築師節單車聯誼活動 
2026-10-08 23:17:42,040 INFO [4079] nhi｜衛福部公告5年禁止特約之診所地址及期限 
2026-10-08 23:17:42,041 INFO [614] apply｜醫療資源不足地區改善方案申請流程與檢附資料 
2026-10-08 23:17:45,987 INFO [4076] law｜感染性生物材料管理辦法公布 
2026-10-08 23:18:17,991 INFO [4075] law｜衛福部註銷康之田等6件中藥許可證 
2026-10-08 23:18:17,994 INFO [4070] policy｜衛福部註銷莊松榮桂附地黃丸許可證 
2026-10-08 23:18:17,996 INFO [4015] nhi｜115年中醫醫療資源不足地區改善方案修訂 
2026-10-08 23:18:17,998 INFO [4067] nhi｜健保申報違規宣導 2 則 
2026-10-08 23:18:27,589 INFO [4065] nhi｜中醫門診品質保證保留款實施方案修訂 
2026-10-08 23:18:42,270 INFO [4066] nhi｜115年度中醫門診健保總額預算分配計畫公告 
2026-10-08 23:18:42,273 INFO [4064] nhi,policy｜115年度中醫護理人員照護品質獎勵方案 
2026-10-08 23:18:53,982 INFO [4059] nhi｜115年度中醫護理人員照護品質獎勵方案 
2026-10-08 23:19:04,848 INFO [4057] course｜高屏分會居家醫療照護整合計畫課程 
2026-10-08 23:19:08,893 INFO [4055] policy｜中醫師全聯會支持護理人員加薪 
2026-10-08 23:19:26,388 INFO [4053] course｜台北區居家課程（6月7日） 
2026-10-08 23:19:42,940 INFO [4052] course｜台北區照護機構課程 
2026-10-08 23:19:42,944 INFO [4051] course｜台北區照護機構課程（6月7日） 
2026-10-08 23:19:43,060 INFO [1479] nhi,apply｜居家醫療照護整合計畫申請說明與聯絡窗口 
2026-10-08 23:20:20,673 INFO [4050] nhi｜中醫門診總額115年第1次研商會議紀錄 
2026-10-08 23:20:20,677 INFO [4049] nhi｜健保診療項目支付標準修正（115年4月1日起生效） 
2026-10-08 23:20:20,679 INFO [4038] law｜衛福部註銷兩項中成藥許可證 
2026-10-08 23:20:57,668 INFO [4037] course｜中醫門診專案課程研討會（北區） 
2026-10-08 23:20:57,672 INFO [4030] nhi｜健保署修訂中醫慢性腎臟病門診加強照護計畫 
2026-10-08 23:20:57,674 INFO [4029] apply｜115年基層醫療院所資訊系統雲端轉型補助計畫 清除 effective=2026-02-24
2026-10-08 23:20:57,676 INFO [4028] law｜信宏科技45項中藥製劑回收 清除 effective=2026-02-24
2026-10-08 23:21:08,827 INFO [4027] nhi,law｜五年內不予健保特約地址公告 
2026-10-08 23:21:21,061 INFO [4026] law｜繼續教育納入工時、享有公假 
2026-10-08 23:21:30,259 INFO [4019] nhi｜全民健保中醫門診病歷紀錄規範 
2026-10-08 23:21:45,017 INFO [4018] law｜衛福部註銷『適時樂濃縮膠囊』等2件藥品許可證 
2026-10-08 23:21:45,188 INFO [4016] law｜衛福部註銷順天堂瀉白散、茯菟丹濃縮顆粒許可證 
2026-10-08 23:22:07,005 INFO [4008] nhi｜健保違規申報案例宣導 
2026-10-08 23:22:07,009 INFO [4007] nhi｜修訂115年照護機構中醫醫療照護方案 
2026-10-08 23:23:34,787 INFO [4002] course｜中區專案課程報名（2月1日、8月16日） 清除 registerUrl=2月1日: https://forms.gle/1T45b5vbKm8A6MRQ7; 8月16日: https://forms.gle/BrF164hZZapUJViD7
2026-10-08 23:23:34,792 INFO [3983] law（隱藏）｜公費流感抗病毒藥劑擴大使用期限公告 
2026-10-08 23:23:34,793 INFO [3976] affairs（隱藏）｜蘇守毅任中醫師公會全聯會第十三屆理事長 
2026-10-08 23:23:34,795 INFO [3954] course｜中醫感控針灸 SOP 暨性別議題研討會 
2026-10-08 23:23:34,797 INFO [3951] course｜居家醫療照護課程 
2026-10-08 23:23:34,798 INFO [3950] course｜針灸感控暨中藥安全課程 
2026-10-08 23:23:38,233 INFO [3942] affairs｜114年中醫藥優良學術著作獎甄選 
2026-10-08 23:23:41,079 INFO [3936] policy（隱藏）｜中醫界感謝邱泰源部長的改革成果 
2026-10-08 23:24:06,428 INFO [3896] policy（隱藏）｜中醫界支持邱泰源部長續任 
2026-10-08 23:24:16,420 INFO [3893] law｜中醫界肯定藥事法第103條核釋，重申用藥安全立場 
2026-10-08 23:24:16,429 INFO 本次 AI 整理 84 則（估計 US$2.132）；digest 112 則（隱藏 9、過期課程 15、待整理 0）
